// Jest Snapshot v1, https://goo.gl/fbAQLP

exports[`FilterBar basic tests FilterBar snapshot test 1`] = `
Object {
  "asFragment": [Function],
  "baseElement": <body>
    <div>
      <div
        class="page__filter filter "
        data-testid="filterBar"
      >
        <span
          class="filter__counter"
        >
          0 items left
        </span>
        <button
          class="filter__button "
          type="button"
        >
          All
        </button>
        <button
          class="filter__button "
          type="button"
        >
          Active
        </button>
        <button
          class="filter__button "
          type="button"
        >
          Completed
        </button>
        <button
          class="filter__button "
          type="button"
        >
          Clear completed
        </button>
      </div>
    </div>
  </body>,
  "container": <div>
    <div
      class="page__filter filter "
      data-testid="filterBar"
    >
      <span
        class="filter__counter"
      >
        0 items left
      </span>
      <button
        class="filter__button "
        type="button"
      >
        All
      </button>
      <button
        class="filter__button "
        type="button"
      >
        Active
      </button>
      <button
        class="filter__button "
        type="button"
      >
        Completed
      </button>
      <button
        class="filter__button "
        type="button"
      >
        Clear completed
      </button>
    </div>
  </div>,
  "debug": [Function],
  "findAllByAltText": [Function],
  "findAllByDisplayValue": [Function],
  "findAllByLabelText": [Function],
  "findAllByPlaceholderText": [Function],
  "findAllByRole": [Function],
  "findAllByTestId": [Function],
  "findAllByText": [Function],
  "findAllByTitle": [Function],
  "findByAltText": [Function],
  "findByDisplayValue": [Function],
  "findByLabelText": [Function],
  "findByPlaceholderText": [Function],
  "findByRole": [Function],
  "findByTestId": [Function],
  "findByText": [Function],
  "findByTitle": [Function],
  "getAllByAltText": [Function],
  "getAllByDisplayValue": [Function],
  "getAllByLabelText": [Function],
  "getAllByPlaceholderText": [Function],
  "getAllByRole": [Function],
  "getAllByTestId": [Function],
  "getAllByText": [Function],
  "getAllByTitle": [Function],
  "getByAltText": [Function],
  "getByDisplayValue": [Function],
  "getByLabelText": [Function],
  "getByPlaceholderText": [Function],
  "getByRole": [Function],
  "getByTestId": [Function],
  "getByText": [Function],
  "getByTitle": [Function],
  "queryAllByAltText": [Function],
  "queryAllByDisplayValue": [Function],
  "queryAllByLabelText": [Function],
  "queryAllByPlaceholderText": [Function],
  "queryAllByRole": [Function],
  "queryAllByTestId": [Function],
  "queryAllByText": [Function],
  "queryAllByTitle": [Function],
  "queryByAltText": [Function],
  "queryByDisplayValue": [Function],
  "queryByLabelText": [Function],
  "queryByPlaceholderText": [Function],
  "queryByRole": [Function],
  "queryByTestId": [Function],
  "queryByText": [Function],
  "queryByTitle": [Function],
  "rerender": [Function],
  "unmount": [Function],
}
`;
