// Jest Snapshot v1, https://goo.gl/fbAQLP

exports[`CurrenciesTable component CurrenciesTable snapshot 1`] = `
Object {
  "asFragment": [Function],
  "baseElement": <body>
    <div>
      <div
        class="MuiTableContainer-root currencies-table-container css-rorn0c-MuiTableContainer-root"
      >
        <table
          class="MuiTable-root currencies-table css-rqglhn-MuiTable-root"
        >
          <thead
            class="MuiTableHead-root css-15wwp11-MuiTableHead-root"
          >
            <tr
              class="MuiTableRow-root MuiTableRow-head table-head-row css-1q1u3t4-MuiTableRow-root"
            >
              <th
                class="MuiTableCell-root MuiTableCell-head MuiTableCell-alignCenter MuiTableCell-sizeMedium css-1ndpvdd-MuiTableCell-root"
                scope="col"
                width="33%"
              >
                components.currenciesTable.country
              </th>
              <th
                class="MuiTableCell-root MuiTableCell-head MuiTableCell-alignCenter MuiTableCell-sizeMedium css-1ndpvdd-MuiTableCell-root"
                scope="col"
                width="33%"
              >
                components.currenciesTable.currency
              </th>
              <th
                class="MuiTableCell-root MuiTableCell-head MuiTableCell-alignCenter MuiTableCell-sizeMedium css-1ndpvdd-MuiTableCell-root"
                scope="col"
                width="33%"
              >
                components.currenciesTable.rate
              </th>
            </tr>
          </thead>
          <tbody
            class="MuiTableBody-root css-apqrd9-MuiTableBody-root"
          />
        </table>
      </div>
    </div>
  </body>,
  "container": <div>
    <div
      class="MuiTableContainer-root currencies-table-container css-rorn0c-MuiTableContainer-root"
    >
      <table
        class="MuiTable-root currencies-table css-rqglhn-MuiTable-root"
      >
        <thead
          class="MuiTableHead-root css-15wwp11-MuiTableHead-root"
        >
          <tr
            class="MuiTableRow-root MuiTableRow-head table-head-row css-1q1u3t4-MuiTableRow-root"
          >
            <th
              class="MuiTableCell-root MuiTableCell-head MuiTableCell-alignCenter MuiTableCell-sizeMedium css-1ndpvdd-MuiTableCell-root"
              scope="col"
              width="33%"
            >
              components.currenciesTable.country
            </th>
            <th
              class="MuiTableCell-root MuiTableCell-head MuiTableCell-alignCenter MuiTableCell-sizeMedium css-1ndpvdd-MuiTableCell-root"
              scope="col"
              width="33%"
            >
              components.currenciesTable.currency
            </th>
            <th
              class="MuiTableCell-root MuiTableCell-head MuiTableCell-alignCenter MuiTableCell-sizeMedium css-1ndpvdd-MuiTableCell-root"
              scope="col"
              width="33%"
            >
              components.currenciesTable.rate
            </th>
          </tr>
        </thead>
        <tbody
          class="MuiTableBody-root css-apqrd9-MuiTableBody-root"
        />
      </table>
    </div>
  </div>,
  "debug": [Function],
  "findAllByAltText": [Function],
  "findAllByDisplayValue": [Function],
  "findAllByLabelText": [Function],
  "findAllByPlaceholderText": [Function],
  "findAllByRole": [Function],
  "findAllByTestId": [Function],
  "findAllByText": [Function],
  "findAllByTitle": [Function],
  "findByAltText": [Function],
  "findByDisplayValue": [Function],
  "findByLabelText": [Function],
  "findByPlaceholderText": [Function],
  "findByRole": [Function],
  "findByTestId": [Function],
  "findByText": [Function],
  "findByTitle": [Function],
  "getAllByAltText": [Function],
  "getAllByDisplayValue": [Function],
  "getAllByLabelText": [Function],
  "getAllByPlaceholderText": [Function],
  "getAllByRole": [Function],
  "getAllByTestId": [Function],
  "getAllByText": [Function],
  "getAllByTitle": [Function],
  "getByAltText": [Function],
  "getByDisplayValue": [Function],
  "getByLabelText": [Function],
  "getByPlaceholderText": [Function],
  "getByRole": [Function],
  "getByTestId": [Function],
  "getByText": [Function],
  "getByTitle": [Function],
  "queryAllByAltText": [Function],
  "queryAllByDisplayValue": [Function],
  "queryAllByLabelText": [Function],
  "queryAllByPlaceholderText": [Function],
  "queryAllByRole": [Function],
  "queryAllByTestId": [Function],
  "queryAllByText": [Function],
  "queryAllByTitle": [Function],
  "queryByAltText": [Function],
  "queryByDisplayValue": [Function],
  "queryByLabelText": [Function],
  "queryByPlaceholderText": [Function],
  "queryByRole": [Function],
  "queryByTestId": [Function],
  "queryByText": [Function],
  "queryByTitle": [Function],
  "rerender": [Function],
  "unmount": [Function],
}
`;
