// Jest Snapshot v1, https://goo.gl/fbAQLP

exports[`ExchangeResult component ExchangeResult snapshot 1`] = `
Object {
  "asFragment": [Function],
  "baseElement": <body>
    <div>
      <div
        class="exchange-result-container MuiBox-root css-0"
      >
        <p
          class="MuiTypography-root MuiTypography-body1 css-ahj2mt-MuiTypography-root"
        >
          0
           
          USD
           
          =
        </p>
        <h5
          class="MuiTypography-root MuiTypography-h5 css-ag7rrr-MuiTypography-root"
          data-testid="exchange-result"
        >
          0
           
          RUB
        </h5>
      </div>
    </div>
  </body>,
  "container": <div>
    <div
      class="exchange-result-container MuiBox-root css-0"
    >
      <p
        class="MuiTypography-root MuiTypography-body1 css-ahj2mt-MuiTypography-root"
      >
        0
         
        USD
         
        =
      </p>
      <h5
        class="MuiTypography-root MuiTypography-h5 css-ag7rrr-MuiTypography-root"
        data-testid="exchange-result"
      >
        0
         
        RUB
      </h5>
    </div>
  </div>,
  "debug": [Function],
  "findAllByAltText": [Function],
  "findAllByDisplayValue": [Function],
  "findAllByLabelText": [Function],
  "findAllByPlaceholderText": [Function],
  "findAllByRole": [Function],
  "findAllByTestId": [Function],
  "findAllByText": [Function],
  "findAllByTitle": [Function],
  "findByAltText": [Function],
  "findByDisplayValue": [Function],
  "findByLabelText": [Function],
  "findByPlaceholderText": [Function],
  "findByRole": [Function],
  "findByTestId": [Function],
  "findByText": [Function],
  "findByTitle": [Function],
  "getAllByAltText": [Function],
  "getAllByDisplayValue": [Function],
  "getAllByLabelText": [Function],
  "getAllByPlaceholderText": [Function],
  "getAllByRole": [Function],
  "getAllByTestId": [Function],
  "getAllByText": [Function],
  "getAllByTitle": [Function],
  "getByAltText": [Function],
  "getByDisplayValue": [Function],
  "getByLabelText": [Function],
  "getByPlaceholderText": [Function],
  "getByRole": [Function],
  "getByTestId": [Function],
  "getByText": [Function],
  "getByTitle": [Function],
  "queryAllByAltText": [Function],
  "queryAllByDisplayValue": [Function],
  "queryAllByLabelText": [Function],
  "queryAllByPlaceholderText": [Function],
  "queryAllByRole": [Function],
  "queryAllByTestId": [Function],
  "queryAllByText": [Function],
  "queryAllByTitle": [Function],
  "queryByAltText": [Function],
  "queryByDisplayValue": [Function],
  "queryByLabelText": [Function],
  "queryByPlaceholderText": [Function],
  "queryByRole": [Function],
  "queryByTestId": [Function],
  "queryByText": [Function],
  "queryByTitle": [Function],
  "rerender": [Function],
  "unmount": [Function],
}
`;
